<?php return array (
  0 => 'Symfony\\Bundle\\FrameworkBundle\\Templating\\GlobalVariables',
  1 => 'Symfony\\Bundle\\FrameworkBundle\\Templating\\TemplateReference',
  2 => 'Symfony\\Bundle\\FrameworkBundle\\Templating\\TemplateNameParser',
  3 => 'Symfony\\Bundle\\FrameworkBundle\\Templating\\Loader\\TemplateLocator',
  4 => 'Symfony\\Component\\Cache\\Adapter\\ApcuAdapter',
  5 => 'Symfony\\Component\\Cache\\Adapter\\FilesystemAdapter',
  6 => 'Symfony\\Component\\Cache\\CacheItem',
  7 => 'Symfony\\Component\\Routing\\Generator\\UrlGenerator',
  8 => 'Symfony\\Component\\Routing\\RequestContext',
  9 => 'Symfony\\Component\\Routing\\Router',
  10 => 'Symfony\\Bundle\\FrameworkBundle\\Routing\\RedirectableUrlMatcher',
  11 => 'Symfony\\Bundle\\FrameworkBundle\\Routing\\Router',
  12 => 'Symfony\\Component\\Cache\\Adapter\\PhpArrayAdapter',
  13 => 'Symfony\\Component\\Cache\\DoctrineProvider',
  14 => 'Symfony\\Component\\Config\\ConfigCache',
  15 => 'Symfony\\Component\\Config\\FileLocator',
  16 => 'Symfony\\Component\\Debug\\ErrorHandler',
  17 => 'Symfony\\Component\\DependencyInjection\\ContainerAwareInterface',
  18 => 'Symfony\\Component\\DependencyInjection\\Container',
  19 => 'Symfony\\Component\\EventDispatcher\\Event',
  20 => 'Symfony\\Component\\EventDispatcher\\ContainerAwareEventDispatcher',
  21 => 'Symfony\\Component\\HttpKernel\\EventListener\\ResponseListener',
  22 => 'Symfony\\Component\\HttpKernel\\EventListener\\RouterListener',
  23 => 'Symfony\\Component\\HttpKernel\\Bundle\\Bundle',
  24 => 'Symfony\\Component\\HttpKernel\\Controller\\ControllerResolver',
  25 => 'Symfony\\Component\\HttpKernel\\Controller\\ArgumentResolver',
  26 => 'Symfony\\Component\\HttpKernel\\ControllerMetadata\\ArgumentMetadata',
  27 => 'Symfony\\Component\\HttpKernel\\ControllerMetadata\\ArgumentMetadataFactory',
  28 => 'Symfony\\Component\\HttpKernel\\Event\\KernelEvent',
  29 => 'Symfony\\Component\\HttpKernel\\Event\\FilterControllerEvent',
  30 => 'Symfony\\Component\\HttpKernel\\Event\\FilterResponseEvent',
  31 => 'Symfony\\Component\\HttpKernel\\Event\\GetResponseEvent',
  32 => 'Symfony\\Component\\HttpKernel\\Event\\GetResponseForControllerResultEvent',
  33 => 'Symfony\\Component\\HttpKernel\\Event\\GetResponseForExceptionEvent',
  34 => 'Symfony\\Component\\HttpKernel\\HttpKernel',
  35 => 'Symfony\\Component\\HttpKernel\\KernelEvents',
  36 => 'Symfony\\Component\\HttpKernel\\Config\\FileLocator',
  37 => 'Symfony\\Bundle\\FrameworkBundle\\Controller\\ControllerNameParser',
  38 => 'Symfony\\Bundle\\FrameworkBundle\\Controller\\ControllerResolver',
  39 => 'Twig_Environment',
  40 => 'Twig_Extension',
  41 => 'Twig_Extension_Core',
  42 => 'Twig_Extension_Escaper',
  43 => 'Twig_Extension_Optimizer',
  44 => 'Twig_LoaderInterface',
  45 => 'Twig_Markup',
  46 => 'Twig_Template',
  47 => 'Sensio\\Bundle\\FrameworkExtraBundle\\EventListener\\ControllerListener',
  48 => 'Sensio\\Bundle\\FrameworkExtraBundle\\EventListener\\ParamConverterListener',
  49 => 'Sensio\\Bundle\\FrameworkExtraBundle\\Request\\ParamConverter\\DateTimeParamConverter',
  50 => 'Sensio\\Bundle\\FrameworkExtraBundle\\Request\\ParamConverter\\DoctrineParamConverter',
  51 => 'Sensio\\Bundle\\FrameworkExtraBundle\\Request\\ParamConverter\\ParamConverterInterface',
  52 => 'Sensio\\Bundle\\FrameworkExtraBundle\\Request\\ParamConverter\\ParamConverterManager',
  53 => 'Sensio\\Bundle\\FrameworkExtraBundle\\EventListener\\TemplateListener',
  54 => 'Sensio\\Bundle\\FrameworkExtraBundle\\EventListener\\HttpCacheListener',
  55 => 'Sensio\\Bundle\\FrameworkExtraBundle\\EventListener\\SecurityListener',
  56 => 'Sensio\\Bundle\\FrameworkExtraBundle\\Configuration\\ConfigurationAnnotation',
);